43e00000 T _start
43e00020 t _undefined_instruction
43e00024 t _software_interrupt
43e00028 t _prefetch_abort
43e0002c t _data_abort
43e00030 t _not_used
43e00034 t _irq
43e00038 t _fiq
43e0003c t _pad
43e00040 T _TEXT_BASE
43e00040 T _end_vect
43e00044 T _bss_start_ofs
43e00048 T _bss_end_ofs
43e0004c T IRQ_STACK_START_IN
43e00050 t reset
43e00064 t call_board_init_f
43e00074 T relocate_code
43e00080 t stack_setup
43e000a0 t copy_loop
43e000d0 t fixloop
43e000f4 t fixabs
43e00108 t fixrel
43e00110 t fixnext
43e00120 t clear_bss
43e0013c t clbss_l
43e0014c t jump_2_ram
43e00164 t _board_init_r_ofs
43e00168 t _rel_dyn_start_ofs
43e0016c t _rel_dyn_end_ofs
43e00170 t _dynsym_start_ofs
43e00174 t cpu_init_crit
43e001c0 t undefined_instruction
43e00220 t software_interrupt
43e00280 t prefetch_abort
43e002e0 t data_abort
43e00340 t not_used
43e003a0 t irq
43e00400 t fiq
43e00460 t _TEXT_BASE
43e00464 T cache_init
43e00468 T lowlevel_init
43e00508 t v310_1
43e00518 t after_copy
43e00564 t _board_init_f
43e00568 t _second_boot_info
43e0056c t wakeup_reset
43e005c4 t skip_dmc
43e005e0 t wake_v310
43e005ec t exit_wakeup
43e00600 t read_om
43e00648 T uart_asm_init
43e006b4 t load_uboot
43e006f4 t nand_boot
43e00700 t onenand_boot
43e00708 t mmcsd_boot
43e00724 t emmc_boot
43e0072c t emmc_boot_4_4
43e00764 t nor_boot
43e00768 t check_om_setting
43e0076c t onenandcon_init
43e0076c t wait_orwb
43e007a4 t tzpc_init
43e00834 t mmc_ch4_devider_change
43e00858 T nand_asm_init
43e009a0 T mem_ctrl_asm_init
43e00cf0 T system_clock_init
43e00e2c t skip_mpll
43e00f5c T board_init
43e01064 T dram_init
43e0106c T dram_init_banksize
43e010e4 T board_eth_init
43e010ec T checkboard
43e0110c T board_late_init
43e01114 T board_mmc_init
43e01154 T Delay
43e01158 T IIC0_SCLH_SDAH
43e01178 T IIC0_SCLH_SDAL
43e01198 T IIC0_SCLL_SDAH
43e011b8 T IIC0_SCLL_SDAL
43e011d8 T IIC1_SCLH_SDAH
43e011f8 T IIC1_SCLH_SDAL
43e01218 T IIC1_SCLL_SDAH
43e01238 T IIC1_SCLL_SDAL
43e01258 T IIC3_SCLH_SDAH
43e01278 T IIC3_SCLH_SDAL
43e01298 T IIC3_SCLL_SDAH
43e012b8 T IIC3_SCLL_SDAL
43e012d8 T IIC0_ELow
43e012f0 T IIC0_EHigh
43e01308 T IIC1_ELow
43e01320 T IIC1_EHigh
43e01338 T IIC3_ELow
43e01350 T IIC3_EHigh
43e01368 T IIC0_EStart
43e0137c T IIC0_EEnd
43e01390 T IIC0_EAck_write
43e013e8 T IIC0_EAck_read
43e01448 T IIC1_EStart
43e0145c T IIC1_EEnd
43e01470 T IIC1_EAck
43e014c8 T IIC3_EStart
43e014dc T IIC3_EEnd
43e014f0 T IIC3_EAck
43e01548 T IIC0_ESetport
43e01594 T IIC1_ESetport
43e015e0 T IIC3_ESetport
43e0162c T IIC0_EWrite
43e016c4 T IIC0_ERead
43e017dc T IIC1_EWrite
43e01874 T IIC3_EWrite
43e0190c T movi_uboot_copy
43e01934 T usb_device_copy
43e0194c T emmc_uboot_copy
43e01970 T emmc_4_4_uboot_copy
43e01994 T emmc_4_4_endbootOp_eMMC
43e019ac T movi_write_env
43e019c8 T movi_read_env
43e019e4 T movi_write_bl1
43e01a34 T copy_uboot_to_ram
43e01b04 T onenand_readw
43e01b0c T onenand_writew
43e01b14 T onenand_loadpage
43e01b4c T onenand_isbad
43e01b74 T onenand_readpage
43e01bac T onenand_bl2_copy
43e01c08 T reset_cpu
43e01c3c t GPIO_SetFunctionEach.clone.0
43e01c6c T GPIO_Init
43e01c80 T GPIO_SetFunctionEach
43e01cb0 T GPIO_SetFunctionAll
43e01cc8 T GPIO_SetDataEach
43e01cf8 T GPIO_SetDataAll
43e01d14 T GPIO_GetDataEach
43e01d38 T GPIO_GetDataAll
43e01d54 T GPIO_SetPullUpDownEach
43e01d88 T GPIO_SetPullUpDownAll
43e01da4 T ETC_SetPullUpDownEach
43e01dd4 T ETC_SetPullUpDownAll
43e01dec T GPIO_SetDSEach
43e01e20 T GPIO_SetDSAll
43e01e4c T GPIO_SetConRegPDNAll
43e01e68 T GPIO_SetPullUDPDNAll
43e01e84 T GPIO_SetEint1
43e01f80 T GPIO_EINT1ClrPend
43e01fa4 T GPIO_EINT1UnMask
43e01fcc T GPIO_EINT1Mask
43e01ffc T GPIO_SetEint2
43e02104 T GPIO_EINT2ClrPend
43e02128 T GPIO_EINT2UnMask
43e02150 T GPIO_EINT2Mask
43e02180 T GPIO_SetEint3
43e02288 T GPIO_EINT3ClrPend
43e022ac T GPIO_EINT3UnMask
43e022d4 T GPIO_EINT3Mask
43e02304 T GPIO_SetEint4
43e023ec T GPIO_EINT4ClrPend
43e02410 T GPIO_EINT4UnMask
43e02438 T GPIO_EINT4Mask
43e02468 T GPIO_SetEint5
43e02550 T GPIO_EINT5ClrPend
43e02574 T GPIO_EINT5UnMask
43e0259c T GPIO_EINT5Mask
43e025cc T GPIO_SetEint6
43e02688 T GPIO_EINT6ClrPend
43e026ac T GPIO_EINT6UnMask
43e026d4 T GPIO_EINT6Mask
43e02704 T GPIO_SetEint7
43e027c0 T GPIO_EINT7ClrPend
43e027e4 T GPIO_EINT7UnMask
43e0280c T GPIO_EINT7Mask
43e0283c T GPIO_SetEint8
43e02924 T GPIO_EINT8ClrPend
43e02948 T GPIO_EINT8UnMask
43e02970 T GPIO_EINT8Mask
43e029a0 T GPIO_SetEint9
43e02aa8 T GPIO_EINT9ClrPend
43e02acc T GPIO_EINT9UnMask
43e02af4 T GPIO_EINT9Mask
43e02b24 T GPIO_SetEint10
43e02c2c T GPIO_EINT10ClrPend
43e02c50 T GPIO_EINT10UnMask
43e02c78 T GPIO_EINT10Mask
43e02ca8 T GPIO_SetEint11
43e02db0 T GPIO_EINT11ClrPend
43e02dd4 T GPIO_EINT11UnMask
43e02dfc T GPIO_EINT11Mask
43e02e2c T GPIO_SetEint12
43e02f34 T GPIO_EINT12ClrPend
43e02f58 T GPIO_EINT12UnMask
43e02f80 T GPIO_EINT12Mask
43e02fb0 T GPIO_SetEint13
43e030b8 T GPIO_EINT13ClrPend
43e030dc T GPIO_EINT13UnMask
43e03104 T GPIO_EINT13Mask
43e03134 T GPIO_SetEint14
43e0323c T GPIO_EINT14ClrPend
43e03260 T GPIO_EINT14UnMask
43e03288 T GPIO_EINT14Mask
43e032b8 T GPIO_SetEint15
43e033c0 T GPIO_EINT15ClrPend
43e033e4 T GPIO_EINT15UnMask
43e0340c T GPIO_EINT15Mask
43e0343c T GPIO_SetEint16
43e03544 T GPIO_EINT16ClrPend
43e03568 T GPIO_EINT16UnMask
43e03590 T GPIO_EINT16Mask
43e035c0 T GPIO_SetEint21
43e036ac T GPIO_EINT21ClrPend
43e036c8 T GPIO_EINT21UnMask
43e036e8 T GPIO_EINT21Mask
43e03710 T GPIO_SetEint22
43e037dc T GPIO_EINT22ClrPend
43e037f8 T GPIO_EINT22UnMask
43e03818 T GPIO_EINT22Mask
43e03840 T GPIO_SetEint23
43e0392c T GPIO_EINT23ClrPend
43e03948 T GPIO_EINT23UnMask
43e03968 T GPIO_EINT23Mask
43e03990 T GPIO_SetEint24
43e03a7c T GPIO_EINT24ClrPend
43e03a98 T GPIO_EINT24UnMask
43e03ab8 T GPIO_EINT24Mask
43e03ae0 T GPIO_SetEint25
43e03bcc T GPIO_EINT25ClrPend
43e03be8 T GPIO_EINT25UnMask
43e03c08 T GPIO_EINT25Mask
43e03c30 T GPIO_SetEint26
43e03d1c T GPIO_EINT26ClrPend
43e03d38 T GPIO_EINT26UnMask
43e03d58 T GPIO_EINT26Mask
43e03d80 T GPIO_SetEint27
43e03e6c T GPIO_EINT27ClrPend
43e03e88 T GPIO_EINT27UnMask
43e03ea8 T GPIO_EINT27Mask
43e03ed0 T GPIO_SetEint28
43e03f78 T GPIO_EINT28ClrPend
43e03f94 T GPIO_EINT28UnMask
43e03fb4 T GPIO_EINT28Mask
43e03fdc T GPIO_SetEint29
43e040c8 T GPIO_EINT29ClrPend
43e040e4 T GPIO_EINT29UnMask
43e04104 T GPIO_EINT29Mask
43e0412c T GPIO_SetEint40
43e04218 T GPIO_EINT40ClrPend
43e04234 T GPIO_EINT40UnMask
43e04254 T GPIO_EINT40Mask
43e0427c T GPIO_SetEint41
43e04368 T GPIO_EINT41ClrPend
43e04384 T GPIO_EINT41UnMask
43e043a4 T GPIO_EINT41Mask
43e043cc T GPIO_SetEint42
43e044b8 T GPIO_EINT42ClrPend
43e044d4 T GPIO_EINT42UnMask
43e044f4 T GPIO_EINT42Mask
43e0451c T GPIO_SetEint43
43e04608 T GPIO_EINT43ClrPend
43e04624 T GPIO_EINT43UnMask
43e04644 T GPIO_EINT43Mask
43e0466c T EINT_GRPPRI_XA
43e04694 T EINT_GRPPRI_XB
43e046b4 T EINT_PRIORITY_XA
43e046e8 T EINT_PRIORITY_XB
43e04714 T Get_EINTSVC_XA
43e04730 T Get_EINTSVC_XB
43e04744 T Get_EINTSVCPEND_XA
43e04760 T Get_EINTSVCPEND_XB
43e04774 T EINT_GRPFIXPRI_XA
43e0479c T EINT_GRPFIXPRI_XB
43e047bc T EINT_FIXPRI_XA
43e04800 T EINT_FIXPRI_XB
43e04844 T init_raw_area_table
43e04a30 T get_device_type
43e04a40 T print_cpuinfo
43e04ab0 t get_PLLCLK
43e04b04 T s5p_clock_init
43e04b08 T get_APLL_CLK
43e04b10 T get_MPLL_CLK
43e04b18 T clear_hsmmc_clock_div
43e04b3c T set_hsmmc_pre_ratio
43e04ba4 T setup_hsmmc_clock
43e04c84 T setup_hsmmc_cfg_gpio
43e04d0c T setup_sdhci0_cfg_card
43e04db4 T cleanup_before_linux
43e04ddc T sdelay
43e04de8 T sr32
43e04e08 T wait_on_value
43e04e3c T timer_init
43e04eac T set_timer
43e04ec4 T reset_timer_masked
43e04eec T reset_timer
43e04ef0 T get_timer_masked
43e04f38 T get_timer
43e04f4c T __udelay
43e04fe8 T get_ticks
43e04ff8 T get_tbclk
43e05000 t display_banner
43e05020 T __coloured_LED_init
43e05020 W coloured_LED_init
43e05024 T __red_LED_on
43e05024 W red_LED_on
43e05028 T __red_LED_off
43e05028 W red_LED_off
43e0502c T __green_LED_on
43e0502c W green_LED_on
43e05030 T __green_LED_off
43e05030 W green_LED_off
43e05034 T __yellow_LED_on
43e05034 W yellow_LED_on
43e05038 T __yellow_LED_off
43e05038 W yellow_LED_off
43e0503c T __blue_LED_on
43e0503c W blue_LED_on
43e05040 T __blue_LED_off
43e05040 W blue_LED_off
43e05044 T __dram_init_banksize
43e05060 T board_init_r
43e05148 T hang
43e0515c T board_init_f
43e05298 T arch_lmb_reserve
43e052bc T do_bootm_linux
43e054f8 T flush_cache
43e054fc t cp_delay
43e0552c t cache_enable
43e055f4 t cache_disable
43e05634 T icache_enable
43e0563c T icache_disable
43e05644 T icache_status
43e05650 T dcache_enable
43e05658 T dcache_disable
43e05660 T dcache_status
43e0566c T interrupt_init
43e05688 T enable_interrupts
43e0568c T disable_interrupts
43e05694 T bad_mode
43e056b0 T show_regs
43e057f0 T do_undefined_instruction
43e05814 T do_software_interrupt
43e05838 T do_prefetch_abort
43e0585c T do_data_abort
43e05880 T do_not_used
43e058a4 T do_fiq
43e058c8 T do_irq
43e058ec T do_reset
43e05918 T do_bdinfo
43e05a94 W do_go_exec
43e05aac T do_go
43e05b1c t __fswab32
43e05b24 T do_bootd
43e05b48 t do_bootm_ose
43e05b80 t do_bootm_rtems
43e05bbc t do_bootm_qnxelf
43e05c20 t do_bootm_vxworks
43e05c84 t do_bootm_netbsd
43e05dbc t image_check_magic.clone.8
43e05ddc t image_info
43e05ea4 T do_iminfo
43e05f04 t image_get_size.clone.9
43e05f08 t image_get_ep.clone.13
43e05f0c t bootm_load_os.clone.16
43e06050 t bootm_start.clone.15
43e063d0 T __arch_preboot_os
43e063d0 W arch_preboot_os
43e063d4 T do_bootm_subcommand
43e06620 T do_bootm
43e06950 t on_off
43e06990 T do_dcache
43e06a04 T do_icache
43e06a78 T do_coninfo
43e06b30 T do_echo
43e06bb0 t load_elf_image_shdr
43e06c40 W do_bootelf_exec
43e06c84 T valid_elf_image
43e06cd0 T do_bootvx
43e06f68 T do_bootelf
43e070bc T do_exit
43e070ec T do_ext2load
43e07408 T do_ext2ls
43e07530 T ext_format
43e07634 T do_ext3_format
43e07644 T do_ext2_format
43e07654 t reset_handler
43e07670 t memparse
43e076d8 t write_to_ptn_sdmmc
43e07c14 t parse_env.clone.1.clone.3
43e07e28 T LCD_turnon
43e07e2c T LCD_setfgcolor
43e07e30 T LCD_setleftcolor
43e07e34 T LCD_setprogress
43e07e38 T fastboot_flash_add_ptn
43e07e74 T fastboot_flash_dump_ptn
43e07fe0 T fastboot_flash_find_ptn
43e08054 t rx_handler
43e08ac8 T fastboot_flash_get_ptn
43e08aec t set_partition_table
43e08fbc T do_fastboot
43e09604 T fastboot_flash_get_ptn_count
43e09614 T do_fat_format
43e096fc T do_fat_fsinfo
43e097fc T do_fat_ls
43e09904 T do_fat_fsload
43e09aa0 T do_help
43e09ae8 t evalstr
43e09b04 t evalexp
43e09b74 T binary_test
43e09d54 T do_itest
43e09dec t bin_data_init
43e09e08 t bin_data_char
43e09e28 t load_serial_ymodem
43e09f20 t getcxmodem
43e09f40 t load_serial
43e0a154 T do_load_serial
43e0a230 T send_pad
43e0a25c T ktrans
43e0a27c T chk1
43e0a2a4 T s1_sendpacket
43e0a2c8 T send_ack
43e0a328 T send_nack
43e0a388 T k_data_init
43e0a3a8 T k_data_save
43e0a3cc T k_data_restore
43e0a3f0 T k_data_char
43e0a440 T handle_send_packet
43e0a604 T do_load_serial_bin
43e0aa5c T do_mem_crc
43e0ab00 T do_mem_base
43e0ab44 T do_mem_mtest
43e0ace8 T do_mem_loop
43e0ade0 T do_mem_cp
43e0aeb8 T do_mem_cmp
43e0b048 T do_mem_mw
43e0b104 t mod_mem
43e0b250 T do_mem_nm
43e0b274 T do_mem_mm
43e0b298 T do_mem_md
43e0b370 T do_sleep
43e0b3f0 T do_mmcinfo
43e0b5c4 T do_mmcops
43e0b9d4 T do_emmc
43e0bac4 T calc_unit
43e0bb18 T encode_chs
43e0bb34 T encode_partitionInfo
43e0bba4 T decode_partitionInfo
43e0bbe4 T get_SDInfo
43e0bcd4 T make_partitionInfo
43e0be80 T make_mmc_partition
43e0c284 T get_mmc_block_count
43e0c2c8 T get_mmc_mbr
43e0c328 T put_mmc_mbr
43e0c3bc T get_mmc_part_info
43e0c460 T print_mmc_part_info
43e0c5f4 T create_mmc_fdisk
43e0c68c T do_fdisk
43e0c724 T do_movi
43e0cb60 t mtd_part_info
43e0cbf4 t index_partitions
43e0ccb0 t memsize_format
43e0cd04 t current_save
43e0cdb4 t part_sort_add
43e0cee0 t part_delall
43e0cf24 t device_del
43e0cf94 t memsize_parse
43e0cffc t get_mtd_info
43e0d07c t part_validate_eraseblock
43e0d23c t device_delall.clone.2
43e0d2a0 t mtd_devices_init
43e0d2c4 t generate_mtdparts_save.clone.1
43e0d588 T mtd_device_validate
43e0d5b8 T device_find
43e0d604 t device_parse
43e0db68 T mtd_id_parse
43e0dc78 T find_dev_and_part
43e0de30 T mtdparts_init
43e0e424 T do_mtdparts
43e0ea50 T do_chpart
43e0eb18 T do_ping
43e0eb9c t netboot_common
43e0eea8 T do_nfs
43e0eeb4 T do_tftpb
43e0eec0 T do_bootp
43e0eecc t do_env
43e0ef2c t do_env_delete
43e0ef44 t do_env_import
43e0f180 t do_env_default
43e0f1c8 T do_env_save
43e0f1f4 t env_print
43e0f270 T do_env_print
43e0f2f0 T get_env_id
43e0f300 T _do_env_set
43e0f694 T do_env_set
43e0f6b0 T setenv
43e0f700 t do_env_export
43e0f908 T envmatch
43e0f96c T getenv_f
43e0fa24 T getenv
43e0fa70 T do_env_edit
43e0fad8 T do_reginfo
43e0fae0 t __fswab32
43e0fae8 T source
43e0fc0c T do_source
43e0fc54 T do_false
43e0fc5c T do_true
43e0fc64 T do_test
43e100d4 T usb_get_class_desc
43e10180 T usb_display_class_sub
43e102f4 T usb_display_string
43e10334 T usb_display_desc
43e1045c T usb_display_conf_desc
43e10508 T usb_display_if_desc
43e10590 T usb_display_ep_desc
43e1064c T usb_display_config
43e106d8 T usb_show_tree_graph
43e108f8 T usb_show_tree
43e1092c T do_usb
43e10b04 T do_usbd_dnw
43e10c10 T do_version
43e10c30 T do_imgextract
43e10ef4 T find_cmd_tbl
43e10f90 T find_cmd
43e10fbc T cmd_usage
43e11018 T _do_help
43e111a0 T cmd_get_data_size
43e111f0 t console_setfile
43e11294 T serial_printf
43e112d8 T fgetc
43e11304 T ftstc
43e11330 T fputc
43e11358 T fputs
43e11380 T fprintf
43e113cc T getc
43e113e4 T tstc
43e113fc T putc
43e11418 T puts
43e11434 T printf
43e11478 T vprintf
43e114b0 T ctrlc
43e114fc T disable_ctrlc
43e11514 T had_ctrlc
43e11524 T clear_ctrlc
43e11538 T dbg
43e11544 T search_device
43e1156c T console_assign
43e115ac T console_init_f
43e115bc T stdio_print_current_devices
43e11674 T console_init_r
43e11754 T check_compress_ext4
43e11840 T write_compressed_ext4
43e11914 T sbrk
43e11970 T mem_malloc_init
43e11990 T malloc_trim
43e11a60 T free
43e11c80 T cfree
43e11c84 T malloc
43e12238 T calloc
43e12318 T memalign
43e12428 T pvalloc
43e12440 T valloc
43e1244c T realloc
43e1289c T malloc_usable_size
43e128dc T mallopt
43e12950 t use_default
43e129e0 T env_get_char_spec
43e129ec T env_init
43e12a08 T saveenv_movinand
43e12a88 T saveenv
43e12adc T env_relocate_spec_movinand
43e12b2c T env_relocate_spec
43e12b88 T env_get_addr
43e12bac T env_get_char_memory
43e12bbc T env_get_char
43e12bec T set_default_env
43e12c84 T env_import
43e12d48 T env_relocate
43e12d78 t dummy
43e12d7c T get_version
43e12d84 T jumptable_init
43e12f04 t static_get
43e12f20 t static_peek
43e12f2c t file_peek
43e12f38 t is_assignment
43e12f8c t syntax_err
43e12f98 T do_showvar
43e13088 t xmalloc
43e130a8 t file_get
43e13250 t free_pipe_list
43e1332c t xrealloc
43e1334c t done_command
43e133d4 t b_addchr
43e1344c t b_addqchr
43e13498 t insert_var_value
43e13640 T simple_itoa
43e13698 T set_local_var
43e13850 T unset_local_var
43e138f0 T new_pipe
43e13918 t done_pipe
43e13960 T reserved_word
43e13b10 t done_word
43e13c88 T mapset
43e13cac T update_ifs_map
43e13d1c T parse_string_outer
43e13e0c t run_list_real
43e145f4 t parse_stream_outer
43e14c14 T parse_file_outer
43e14c58 T u_boot_hush_start
43e14cac t __fswab32
43e14cb4 t image_check_magic.clone.8
43e14cd4 t image_get_data_size.clone.10
43e14cd8 T image_check_hcrc
43e14d28 T image_check_dcrc
43e14d68 T image_multi_count
43e14d88 T image_multi_getimg
43e14e0c T getenv_yesno
43e14e34 T getenv_bootm_low
43e14e64 T getenv_bootm_size
43e14ec0 T memmove_wd
43e14ecc T genimg_print_size
43e14efc T get_table_entry_name
43e14f28 T genimg_get_os_name
43e14f40 T genimg_get_arch_name
43e14f58 T genimg_get_type_name
43e14f70 T genimg_get_comp_name
43e14f88 T image_print_contents
43e15100 T get_table_entry_id
43e1514c T genimg_get_os_id
43e15164 T genimg_get_arch_id
43e1517c T genimg_get_type_id
43e15194 T genimg_get_comp_id
43e151ac T genimg_get_format
43e151c4 T genimg_get_image
43e151c8 T genimg_has_config
43e151d0 T boot_get_ramdisk
43e15400 T boot_ramdisk_high
43e1552c t delete_char
43e15604 t cread_add_char
43e156f0 T __show_boot_progress
43e156f0 W show_boot_progress
43e156f4 T main_loop
43e157f4 T readline_into_buffer
43e16048 T readline
43e16064 T parse_line
43e160f4 T run_command
43e16488 T do_run
43e164fc T get_ram_size
43e165f4 t hex1_bin
43e16634 t hex2_bin
43e16668 T srec_decode
43e168d8 T __default_serial_console
43e168d8 W default_serial_console
43e168e4 T serial_register
43e16900 T serial_stdio_init
43e16990 T serial_assign
43e169dc T serial_initialize
43e16a2c T serial_reinit_all
43e16a58 T serial_init
43e16a98 T serial_setbrg
43e16ad0 T serial_getc
43e16b10 T serial_tstc
43e16b50 T serial_putc
43e16b90 T serial_puts
43e16bd0 T stdio_get_list
43e16bdc T stdio_get_by_name
43e16c30 T stdio_clone
43e16c78 T stdio_register
43e16cbc T stdio_init
43e16d4c t usb_set_maxpacket_ep.clone.0
43e16d88 T wait_ms
43e16dac T usb_stop
43e16dd8 T usb_disable_asynch
43e16df0 T usb_submit_int_msg
43e16df4 T usb_control_msg
43e16eac T usb_bulk_msg
43e16f14 T usb_maxpacket
43e16f38 T usb_set_maxpacket
43e16fc0 T usb_parse_config
43e17108 T usb_clear_halt
43e171b4 T usb_get_descriptor
43e17210 T usb_get_configuration_no
43e172ac T usb_set_address
43e172ec T usb_set_interface
43e173a8 T usb_set_configuration
43e17408 T usb_set_protocol
43e1745c T usb_set_idle
43e174b8 T usb_get_report
43e17518 T usb_get_class_descriptor
43e17578 T usb_get_string
43e175ec t usb_string_sub
43e176e8 T usb_string
43e177e8 T usb_get_dev_index
43e17814 T usb_alloc_new_device
43e17898 T usb_get_hub_descriptor
43e178f0 T usb_clear_hub_feature
43e17940 T usb_clear_port_feature
43e17994 T usb_set_port_feature
43e179e8 t usb_hub_power_on
43e17a2c T usb_get_hub_status
43e17a7c T usb_get_port_status
43e17ad4 t hub_port_reset
43e17b74 T usb_hub_reset
43e17b88 T usb_hub_allocate
43e17bd0 T usb_hub_probe
43e17c2c T usb_new_device
43e17ecc T usb_hub_port_connect_change
43e17fb4 T usb_hub_configure
43e181b8 T usb_scan_devices
43e18230 T usb_init
43e182ac T CYGACC_COMM_IF_GETC_TIMEOUT
43e18300 t xyzModem_flush
43e1832c t xyzModem_get_hdr
43e185a0 T CYGACC_COMM_IF_PUTC
43e185a8 T parse_num
43e186d4 T xyzModem_stream_open
43e1881c T xyzModem_stream_read
43e18a6c T xyzModem_stream_close
43e18abc T xyzModem_stream_terminate
43e18b50 T xyzModem_error
43e18b70 T get_dev
43e18bc8 T dev_print
43e18dd8 T init_part
43e18df4 T get_partition_info
43e18e1c T print_part
43e18f04 t le32_to_int
43e18f28 t is_extended
43e18f4c t get_partition_info_extended
43e1917c t print_partition_extended
43e19360 T test_part_dos
43e193b4 T print_part_dos
43e193e0 T get_partition_info_dos
43e19400 T gpio_cfg_pin
43e1941c T gpio_direction_output
43e19454 T gpio_direction_input
43e1945c T gpio_set_value
43e1947c T gpio_get_value
43e19494 T gpio_set_pull
43e194b8 T gpio_set_drv
43e194d8 T gpio_set_rate
43e19500 t __fswab32
43e19508 t lldiv
43e1953c t feedback_delay.clone.1
43e1966c T __board_mmc_getcd
43e1966c W board_mmc_getcd
43e19674 T mmc_send_cmd
43e19684 T mmc_set_blocklen
43e196bc T find_mmc_device
43e19704 t mmc_bwrite
43e19934 t mmc_bread
43e19b38 T mmc_read_block
43e19b9c T mmc_read
43e19cb8 T movi_write
43e19cbc T movi_read
43e19cc0 T mmc_go_idle
43e19d14 T sd_send_op_cond
43e19e24 T mmc_send_op_cond
43e19ed0 T mmc_send_ext_csd
43e19f24 T mmc_switch
43e19f64 T mmc_change_freq
43e1a038 T sd_switch
43e1a0a8 T sd_change_freq
43e1a27c T mmc_set_ios
43e1a28c T mmc_set_clock
43e1a2b8 T mmc_set_bus_width
43e1a2cc T mmc_startup
43e1a98c T mmc_send_if_cond
43e1aa08 T mmc_register
43e1aa6c T mmc_get_dev
43e1aa80 T mmc_init
43e1ab04 W cpu_mmc_init
43e1ab04 t __def_mmc_init
43e1ab0c T print_mmc_devices
43e1ab70 T mmc_initialize
43e1ac18 T mmc_erase
43e1afb8 T emmc_boot_open
43e1b03c T emmc_boot_close
43e1b07c t s3c_hsmmc_send_command
43e1b334 t sdhci_change_clock
43e1b3c8 t s3c_hsmmc_set_ios
43e1b420 t sdhci_reset.clone.2
43e1b47c t s3c_hsmmc_init
43e1b4cc T smdk_s3c_hsmmc_init
43e1b56c t mshci_clock_onoff.clone.3
43e1b638 t mshci_change_clock
43e1b74c t s5p_mshc_set_ios
43e1b81c t mshci_reset_fifo.clone.5
43e1b870 t s5p_mshc_send_command
43e1bbcc t s5c_mshc_init
43e1bd6c T smdk_s5p_mshc_init
43e1be2c T add_mtd_device
43e1be9c T del_mtd_device
43e1beec T get_mtd_device
43e1bf68 T get_mtd_device_nm
43e1bfdc T put_mtd_device
43e1c008 t s3c_read_cmd
43e1c020 t s3c_write_cmd
43e1c038 t s3c_mem_addr
43e1c048 t s3c_onenand_reset
43e1c094 t s3c_onenand_command
43e1c2e8 t s3c_get_bufferram
43e1c334 t s3c_onenand_bbt_wait
43e1c38c t onenand_write_bufferram
43e1c3b4 t onenand_read_bufferram
43e1c3dc t s3c_onenand_wait
43e1c490 t s3c_onenand_writew
43e1c55c t s3c_onenand_readw
43e1c6b0 t s3c_onenand_check_lock_status.clone.0
43e1c734 t s3c_onenand_unlock_all
43e1c83c T s3c_onenand_init
43e1c958 T s5p_serial0_tstc
43e1c96c T s5p_serial1_tstc
43e1c980 T s5p_serial2_tstc
43e1c994 T s5p_serial3_tstc
43e1c9a8 T serial_setbrg_dev
43e1c9fc T s5p_serial3_setbrg
43e1ca04 T s5p_serial2_setbrg
43e1ca0c T s5p_serial1_setbrg
43e1ca14 T s5p_serial0_setbrg
43e1ca1c T serial_init_dev
43e1ca5c T s5p_serial3_init
43e1ca64 T s5p_serial2_init
43e1ca6c T s5p_serial1_init
43e1ca74 T s5p_serial0_init
43e1ca7c T serial_getc_dev
43e1cab8 T s5p_serial3_getc
43e1cac0 T s5p_serial2_getc
43e1cac8 T s5p_serial1_getc
43e1cad0 T s5p_serial0_getc
43e1cad8 T serial_putc_dev
43e1cb20 T s5p_serial3_putc
43e1cb28 T s5p_serial2_putc
43e1cb30 T s5p_serial1_putc
43e1cb38 T s5p_serial0_putc
43e1cb40 T serial_tstc_dev
43e1cb54 T serial_puts_dev
43e1cb7c T s5p_serial3_puts
43e1cb84 T s5p_serial2_puts
43e1cb8c T s5p_serial1_puts
43e1cb94 T s5p_serial0_puts
43e1cb9c T fboot_usb_set_descriptors
43e1ccf4 T fastboot_fifo_size
43e1cd10 T fastboot_getvar
43e1cd18 T s3c_usb_init_phy
43e1cd64 T s3c_usb_phy_off
43e1cd90 T s3c_usb_core_soft_reset
43e1cdb0 T fastboot_shutdown
43e1cdc0 T s3c_usb_wait_cable_insert
43e1ce10 T s3c_usb_init_core
43e1ce2c T s3c_usb_check_current_mode
43e1ce44 T s3c_usb_set_soft_disconnect
43e1ce5c T s3c_usb_clear_soft_disconnect
43e1ce74 T s3c_usb_init_device
43e1cea0 T s3c_usbctl_init
43e1cf2c T fboot_usbctl_init
43e1cf4c T fastboot_init
43e1d024 T s3c_usbc_activate
43e1d02c T s3c_usb_stop
43e1d040 T s3c_usb_print_pkt
43e1d08c T s3c_usb_verify_checksum
43e1d12c T s3c_usb_set_inep_xfersize
43e1d160 T s3c_usb_set_outep_xfersize
43e1d194 T s3c_usb_write_ep0_fifo
43e1d1e0 T s3c_usb_write_in_fifo
43e1d22c T fboot_usb_int_bulkin
43e1d2b8 T s3c_usb_read_out_fifo
43e1d300 T fboot_usb_int_bulkout
43e1d388 T s3c_usb_get_desc
43e1d4ac T s3c_usb_clear_feature
43e1d51c T s3c_usb_set_feature
43e1d678 T s3c_usb_get_status
43e1d6f0 T s3c_usb_ep0_int_hndlr
43e1d848 T s3c_usb_set_otherspeed_conf_desc
43e1d8cc T s3c_usb_transfer_ep0
43e1ddf8 T s3c_usb_int_bulkin
43e1ded8 T s3c_usb_upload_start
43e1e038 T s3c_usb_download_start
43e1e158 T s3c_usb_download_continue
43e1e204 T s3c_usb_int_bulkout
43e1e22c T s3c_usb_dma_in_done
43e1e2cc T s3c_usb_dma_out_done
43e1e378 T s3c_usb_set_all_outep_nak
43e1e3a0 T s3c_usb_clear_all_outep_nak
43e1e3c8 T s3c_usb_set_max_pktsize
43e1e400 T s3c_usb_set_endpoint
43e1e430 T s3c_usb_set_descriptors
43e1e584 T s3c_usb_check_speed
43e1e59c T s3c_usb_clear_dnfile_info
43e1e5b8 T s3c_usb_clear_upfile_info
43e1e5d4 T s3c_usb_check_setconf
43e1e5ec T s3c_usb_set_opmode
43e1e65c T s3c_usb_reset
43e1e6bc T s3c_usb_set_init
43e1e738 T s3c_usb_pkt_receive
43e1e7c0 T s3c_usb_transfer
43e1e8c4 T s3c_udc_int_hndlr
43e1e980 T fboot_usb_int_hndlr
43e1e984 T fastboot_poll
43e1e9dc T fastboot_tx_status
43e1ea28 t td_alloc
43e1ea68 t urb_free_priv.clone.4
43e1eaa4 t td_fill.clone.0.clone.5
43e1eb4c T sohci_submit_job
43e1f068 T rh_check_port_status
43e1f070 T submit_common_msg
43e1f078 T submit_bulk_msg
43e1f080 T submit_control_msg
43e1f088 T submit_int_msg
43e1f090 T usb_lowlevel_init
43e1f098 T usb_lowlevel_stop
43e1f0a0 t ext2fs_read_inode
43e1f16c T ext2fs_free_node
43e1f18c T ext2fs_read_file
43e1f63c t ext2fs_iterate_dir
43e1f8b8 T ext2fs_find_file1
43e1fb44 T ext2fs_find_file
43e1fbbc T ext2fs_ls
43e1fc30 T ext2fs_open
43e1fcc4 T ext2fs_close
43e1fd78 T ext2fs_read
43e1fda8 T ext2fs_mount
43e1fe54 T get_random_val
43e1fe70 T default_journal_size
43e1feb4 T ext2fs_format
43e221dc T ext2fs_set_blk_dev
43e22230 T ext2fs_devread
43e2240c t downcase
43e22434 t disk_read
43e22488 t setstr
43e224b0 t dirdelim
43e224e4 t compare_sign
43e22514 t get_fatent
43e22670 t slot2str
43e22740 t mkcksum
43e22770 t read_bootsectandvi
43e2285c t get_cluster
43e228f4 t get_vfatname
43e22ab4 t get_name
43e22b6c T fat_register_device
43e22ca4 T fat_format_device
43e232c4 T do_fat_read
43e23c88 T file_fat_detectfs
43e23dd4 T file_fat_ls
43e23de4 T file_fat_read
43e23e1c T file_getfsname
43e23e34 T file_cd
43e24024 T file_detectfs
43e24064 T file_ls
43e240ec T file_read
43e24184 T cyg_crc16
43e241c8 T crc32_no_comp
43e242b0 T crc32
43e242c4 T crc32_wd
43e242c8 T display_options
43e242e8 T print_size
43e243c8 T print_buffer
43e24530 T __div64_32
43e24634 T zfree
43e2463c T zalloc
43e2464c T zunzip
43e24734 T gunzip
43e247e0 t cmpkey
43e247f4 T hcreate_r
43e248a0 T hcreate
43e248ac T hdestroy_r
43e24920 T hdestroy
43e2492c T hsearch_r
43e24be4 T hsearch
43e24c14 T hdelete_r
43e24c9c T hdelete
43e24ca8 T hexport_r
43e24ec0 T hexport
43e24ee8 T himport_r
43e2512c T himport
43e2515c t lmb_add_region
43e25314 T lmb_dump_all
43e25318 T lmb_init
43e25340 T lmb_add
43e25344 T lmb_free
43e2546c T lmb_reserve
43e25474 T lmb_overlaps_region
43e254c8 T __lmb_alloc_base
43e255f8 T lmb_alloc_base
43e2562c T lmb_alloc
43e25634 T lmb_is_reserved
43e25694 T __board_lmb_reserve
43e25694 W board_lmb_reserve
43e25698 T __arch_lmb_reserve
43e2569c T ldiv
43e256ec T string_to_ip
43e25754 T qsort
43e25840 T strcpy
43e2585c T strncpy
43e25884 T strcat
43e258b4 T strncat
43e25904 T strcmp
43e25934 T strncmp
43e2597c T strchr
43e259b0 T strlen
43e259cc T strrchr
43e25a08 T strnlen
43e25a30 T strdup
43e25a64 T strspn
43e25aa4 T strpbrk
43e25ae0 T strtok
43e25b5c T strsep
43e25b90 T strswab
43e25bdc T memset
43e25c44 T bcopy
43e25c6c T memcpy
43e25cd8 T memmove
43e25d28 T memcmp
43e25d60 T memscan
43e25d88 T strstr
43e25de8 T memchr
43e25e1c T strmhz
43e25e88 T udelay
43e25eb8 t pack_hex_byte
43e25ee0 t put_dec_trunc
43e25fa8 t string
43e26038 t put_dec
43e26154 t number
43e26360 T simple_strtoul
43e2640c T simple_strtol
43e26434 T ustrtoul
43e264a8 T simple_strtoull
43e2657c T vsprintf
43e26bb4 T sprintf
43e26bd8 T panic
43e26c24 T zcfree
43e26c2c T zcalloc
43e26c34 T inflate_fast
43e27188 T inflate_table
43e276f4 T inflateReset
43e27774 T inflateInit2_
43e27878 T inflateInit_
43e2788c T inflateEnd
43e278f8 T adler32
43e27be0 T inflate
43e29258 t __fswab32
43e29260 t NetCopyIP
43e29268 t BootpHandler
43e29624 t NetWriteIP.clone.0
43e29640 T BootpRequest
43e29838 t BootpTimeout
43e2987c t is_valid_ether_addr
43e298c4 W cpu_eth_init
43e298c4 t __def_eth_init
43e298cc T eth_parse_enetaddr
43e29928 T eth_getenv_enetaddr
43e29948 T eth_setenv_enetaddr
43e29980 T eth_getenv_enetaddr_by_index
43e299c8 T eth_get_dev
43e299d8 T eth_get_dev_by_name
43e29a2c T eth_get_dev_by_index
43e29a78 T eth_get_dev_index
43e29ac8 T eth_register
43e29b54 T eth_initialize
43e29e10 T eth_halt
43e29e40 T eth_send
43e29e78 T eth_rx
43e29ea4 T eth_try_another
43e29f54 T eth_init
43e2a01c T eth_set_current
43e2a0bc T eth_get_name
43e2a0dc t startAgainTimeout
43e2a0f0 t startAgainHandler
43e2a0f4 t NetCopyIP
43e2a0fc t NetReadIP
43e2a118 t PingHandler
43e2a140 t PingTimeout
43e2a15c t getenv_IPaddr
43e2a16c T NetSetHandler
43e2a17c T NetSetTimeout
43e2a1ac T NetStartAgain
43e2a2b4 T NetSendPacket
43e2a2b8 T NetCksum
43e2a2ec T NetCksumOk
43e2a30c T NetEthHdrSize
43e2a348 T NetSetEther
43e2a3e8 T NetReceive
43e2a8b0 T ArpRequest
43e2a9ac T ArpTimeoutCheck
43e2aa1c T PingSend
43e2ab54 T NetSetIP
43e2ac4c T NetSendUDPPacket
43e2ad8c T copy_filename
43e2add0 T random_port
43e2adec T ip_to_string
43e2ae20 T VLAN_to_string
43e2ae6c T string_to_VLAN
43e2aeb8 T getenv_VLAN
43e2aec8 T NetLoop
43e2b294 t __fswab32
43e2b29c t basename
43e2b2dc t rpc_add_credentials
43e2b3b0 t rpc_lookup_reply
43e2b450 t rpc_req
43e2b54c t rpc_lookup_req
43e2b5ac t nfs_mount_req
43e2b640 t nfs_umountall_req
43e2b698 t nfs_lookup_req
43e2b740 t nfs_read_req
43e2b7c0 t nfs_readlink_req
43e2b818 t NfsSend
43e2b8ac t NfsTimeout
43e2b904 t NfsHandler
43e2bdfc T NfsStart
43e2c028 t TftpSend
43e2c1c4 t TftpTimeout
43e2c228 t TftpHandler
43e2c504 T TftpStart
43e2c7e0 T raise
43e2c7e8 T __aeabi_unwind_cpp_pr0
43e2c7ec T __udivsi3
43e2c7ec t .udivsi3_skip_div0_test
43e2c7ec t __aeabi_uidiv
43e2c9d8 t __aeabi_uidivmod
43e2c9f8 T __divsi3
43e2c9f8 t __aeabi_idiv
43e2ca00 t .divsi3_skip_div0_test
43e2cc18 t __aeabi_idivmod
43e2cc38 T __lshrdi3
43e2cc38 t __aeabi_llsr
43e2cc54 T __ashrdi3
43e2cc54 t __aeabi_lasr
43e2cc70 T __ashldi3
43e2cc70 t __aeabi_llsl
43e2cc8c t __aeabi_uldivmod
43e2ccc8 t __aeabi_idiv0
43e2ccc8 t __aeabi_ldiv0
43e2ccd8 T __gnu_ldivmod_helper
43e2cd14 t __gnu_uldivmod_helper
43e2cd50 t __divdi3
43e2d1d0 t __udivdi3
43e2d5dc R version_string
43e2d614 r C.0.3583
43e2d694 r boot_os
43e2d6f0 r __func__.2831
43e2d700 r __func__.2797
43e2d710 r CSWTCH.15
43e2d768 r __func__.2622
43e2d778 r __func__.2629
43e2d784 r CSWTCH.13
43e2d7a4 r block_drvr
43e2d7b4 r __func__.3174
43e2d7c8 r udivslot
43e2d808 R config_full
43e2d814 R config_full_total
43e2d834 R fboot_string_desc3
43e2d850 R fboot_string_desc2
43e2d868 R fboot_string_desc1
43e2d880 R dnw_string_desc2
43e2d8ac R dnw_string_desc1
43e2d8c4 R string_desc0
43e2d8c8 R qualifier_desc
43e2d8d4 R config_high
43e2d8e0 R config_high_total
43e2d900 R fboot_qualifier_desc
43e2d90c r filesystems
43e2d924 r crc16_tab
43e2db24 r crc_table
43e2df24 r names.2578
43e2df2c R hex_asc
43e2df40 r digits.2564
43e2df50 r lext.2866
43e2df90 r lbase.2865
43e2dfd0 r dext.2868
43e2e010 r dbase.2867
43e2e050 r lenfix
43e2e850 r distfix
43e2e8d0 r order.2961
43e2e8f8 R z_errmsg
43e370c8 D second_boot_info
43e370cc D s5p_cpu_id
43e370d0 D init_sequence
43e370f0 D nr_dram_banks
43e370f4 D load_addr
43e370f8 d cmd_bootm_sub
43e371a0 d interface
43e371bc d static_pcount
43e371c0 D op_table
43e37228 d do_echo
43e3722c D dp_last_length
43e37230 d cmd_env_sub
43e37308 d env_id
43e3730c d av_
43e37714 d sbrk_base
43e37718 d trim_threshold
43e3771c d mmap_threshold
43e37720 D env_name_spec
43e37724 D default_environment
43e3781c D default_environment_size
43e37820 d reserved_list
43e378a4 d uimage_os
43e37910 d uimage_arch
43e379f4 d uimage_type
43e37a84 d uimage_comp
43e37acc d erase_seq
43e37ad0 d tab_seq
43e37adc d hist_cur
43e37ae0 D stdio_names
43e37aec d cur_dev_num
43e37af0 D fbase
43e37b00 D multipliers
43e37b40 D s5p_serial0_device
43e37b78 D s5p_serial1_device
43e37bb0 D s5p_serial2_device
43e37be8 D s5p_serial3_device
43e37c20 D test_pkt
43e37c58 D ptable_default
43e37d70 D ptable_default_size
43e37d78 D indir1_blkno
43e37d7c D indir2_blkno
43e37d80 d cur_part
43e37d84 D file_cwd
43e37f84 d current_filesystem
43e37f88 D _ctype
43e38088 D NetOurVLAN
43e3808a D NetOurNativeVLAN
43e3808c D NetBcastAddr
43e38094 d nfs_offset
43e38098 d TftpTimeoutMSecs
43e3809c d TftpBlkSizeOption
43e380a0 d TftpTimeoutCountMax
43e380a4 d TftpBlkSize
43e380a8 D TftpRRQTimeoutCountMax
43e380ac D TftpRRQTimeoutMSecs
43e380bc A __u_boot_cmd_start
43e380bc D __u_boot_cmd_bdinfo
43e380d4 D __u_boot_cmd_go
43e380ec D __u_boot_cmd_reset
43e38104 D __u_boot_cmd_bootm
43e3811c D __u_boot_cmd_boot
43e38134 D __u_boot_cmd_bootd
43e3814c D __u_boot_cmd_iminfo
43e38164 D __u_boot_cmd_icache
43e3817c D __u_boot_cmd_dcache
43e38194 D __u_boot_cmd_coninfo
43e381ac D __u_boot_cmd_echo
43e381c4 D __u_boot_cmd_bootelf
43e381dc D __u_boot_cmd_bootvx
43e381f4 D __u_boot_cmd_exit
43e3820c D __u_boot_cmd_ext2ls
43e38224 D __u_boot_cmd_ext2load
43e3823c D __u_boot_cmd_ext2format
43e38254 D __u_boot_cmd_ext3format
43e3826c D __u_boot_cmd_fastboot
43e38284 D __u_boot_cmd_fatload
43e3829c D __u_boot_cmd_fatls
43e382b4 D __u_boot_cmd_fatinfo
43e382cc D __u_boot_cmd_fatformat
43e382e4 D __u_boot_cmd_help
43e382fc D __u_boot_cmd_question_mark
43e38314 D __u_boot_cmd_itest
43e3832c D __u_boot_cmd_loads
43e38344 D __u_boot_cmd_loadb
43e3835c D __u_boot_cmd_loady
43e38374 D __u_boot_cmd_md
43e3838c D __u_boot_cmd_mm
43e383a4 D __u_boot_cmd_nm
43e383bc D __u_boot_cmd_mw
43e383d4 D __u_boot_cmd_cp
43e383ec D __u_boot_cmd_cmp
43e38404 D __u_boot_cmd_crc32
43e3841c D __u_boot_cmd_base
43e38434 D __u_boot_cmd_loop
43e3844c D __u_boot_cmd_mtest
43e38464 D __u_boot_cmd_sleep
43e3847c D __u_boot_cmd_mmcinfo
43e38494 D __u_boot_cmd_emmc
43e384ac D __u_boot_cmd_mmc
43e384c4 D __u_boot_cmd_fdisk
43e384dc D __u_boot_cmd_movi
43e384f4 D __u_boot_cmd_chpart
43e3850c D __u_boot_cmd_mtdparts
43e38524 D __u_boot_cmd_bootp
43e3853c D __u_boot_cmd_tftpboot
43e38554 D __u_boot_cmd_nfs
43e3856c D __u_boot_cmd_ping
43e38584 D __u_boot_cmd_saveenv
43e3859c D __u_boot_cmd_env
43e385b4 D __u_boot_cmd_editenv
43e385cc D __u_boot_cmd_printenv
43e385e4 D __u_boot_cmd_setenv
43e385fc D __u_boot_cmd_run
43e38614 D __u_boot_cmd_reginfo
43e3862c D __u_boot_cmd_source
43e38644 D __u_boot_cmd_test
43e3865c D __u_boot_cmd_false
43e38674 D __u_boot_cmd_true
43e3868c D __u_boot_cmd_usb
43e386a4 D __u_boot_cmd_dnw
43e386bc D __u_boot_cmd_version
43e386d4 D __u_boot_cmd_imxtract
43e386ec D __u_boot_cmd_showvar
43e38704 A __u_boot_cmd_end
43e38704 B OmPin
43e38704 B __bss_start
43e38704 R __rel_dyn_start
43e38708 b GPIO_pBase
43e3870c B g_IntCnt
43e38710 B raw_area_control
43e3890c B get_uart_clk
43e38910 B get_pwm_clk
43e38914 B get_arm_clk
43e38918 B get_pll_clk
43e38920 b count_value
43e38924 b lastdec
43e38928 b timestamp
43e38930 B monitor_flash_len
43e38934 b params
43e38938 b images
43e38a68 b download_size
43e38a6c b download_bytes
43e38a70 b download_error
43e38a74 b pcount
43e38a78 b ptable
43e38cf8 b gflag_reboot
43e38d00 b os_data_state
43e38d04 b os_data_addr
43e38d08 b bin_start_address
43e38d0c B his_pad_count
43e38d10 B his_pad_char
43e38d14 b a_b
43e38d2c B his_eol
43e38d30 b k_data_escape
43e38d34 B os_data_init
43e38d38 b k_data_escape_saved
43e38d3c b os_data_state_saved
43e38d40 b os_data_addr_saved
43e38d44 B os_data_char
43e38d48 B his_quote
43e38d4c B send_ptr
43e38d50 B send_parms
43e38d64 b base_address
43e38d68 B mm_last_addr
43e38d6c B mm_last_size
43e38d70 B dp_last_addr
43e38d74 B dp_last_size
43e38d78 B current_mtd_dev
43e38d7c B devices
43e38d84 B current_mtd_partnum
43e38d88 b last_partition
43e38d98 b last_parts
43e38f98 B mtdids
43e38fa0 b initialized.3303
43e38fa4 b last_ids
43e39024 b ctrlc_disabled
43e39028 b ctrlc_was_pressed
43e3902c B mem_malloc_brk
43e39030 B mem_malloc_start
43e39034 B mem_malloc_end
43e39038 b current_mallinfo
43e39060 b top_pad
43e39064 b max_sbrked_mem
43e39068 b max_total_mem
43e3906c b n_mmaps_max
43e39070 B env_ptr
43e39074 b top_vars
43e39078 b flag_repeat
43e3907c b do_repeat
43e39080 b the_command.2739
43e39180 b buf.2943
43e391a8 B last_return_code
43e391ac b local.2723
43e391c4 b map
43e392c4 b ifs
43e392c8 B nesting_level
43e392cc b initted.2730
43e392d0 b hist_max
43e392d4 b hist_add_idx
43e392d8 B hist_num
43e392dc B hist_lines
43e3a6f0 B hist_list
43e3a740 B console_buffer
43e3a844 b serial_devices
43e3a848 b serial_current
43e3a84c b devs
43e3a888 B stdio_devices
43e3a894 B usb_started
43e3a898 b asynch_allowed
43e3a89c b usb_hub_index
43e3a8a0 b setup_packet
43e3a8a8 b usb_dev
43e3e9c4 R __dynsym_start
43e3e9c4 R __rel_dyn_end
43e451a8 b dev_index
43e451ac b hub_dev
43e452ac b running
43e452b0 b xyz
43e456f0 b mmc_devices
43e456f8 B mmc_channel
43e45c70 B mmc_host
43e45d88 b idmac_desc
43f45d88 B mshc_channel
43f46300 B mshc_host
43f46418 B mtd_table
43f46498 b onenand
43f4649c B otg
43f46520 B speed
43f46524 B is_fastboot
43f46528 b device_strings
43f46540 b serial_number.2923
43f46560 b fastboot_interface
43f46564 B fboot_response_flag
43f46568 B reply_msg
43f4656c b fastboot_bulk_fifo
43f46770 B remode_wakeup
43f46774 B get_status
43f4677a B config_value
43f4677c B get_intf
43f46780 B s3c_usbd_dn_addr
43f46784 B s3c_usbd_dn_cnt
43f46788 B s3c_receive_done
43f4678c B op_mode
43f46790 B transfer_size
43f46794 B s3c_got_header
43f46798 B DNW
43f46800 B ptd
43f46804 B urb_priv
43f468d8 b gohci
43f469a0 B ohci_dev
43f46b40 B gtd
43f47c00 B ghcca
43f47d00 B phcca
43f47d04 B got_rhsc
43f47d08 B devgone
43f47e00 B ext2fs_root
43f47e04 B indir1_block
43f47e08 B indir1_size
43f47e0c B indir2_block
43f47e10 B indir2_size
43f47e14 B symlinknest
43f47e18 B ext2fs_file
43f47e1c b ext2fs_block_dev_desc
43f47e20 b part_info
43f47e6c b cur_dev
43f47e70 b part_offset
43f47e74 B get_vfatname_block
43f57e74 B do_fat_read_block
43f67e74 B get_dentfromdir_block
43f77e74 B errno
43f77e78 b htab
43f77e84 B ___strtok
43f77e88 B BootpID
43f77e8c B BootpTry
43f77e90 b eth_current
43f77e94 b eth_devices
43f77e98 b first_failed.2618
43f77e9c b act.2624
43f77ea0 b env_changed_id.2625
43f77ea4 B NetState
43f77ea8 B NetPingIP
43f77eac b packetHandler
43f77eb0 b timeHandler
43f77eb4 b timeStart
43f77eb8 b timeDelta
43f77ebc b NetTryCount
43f77ec0 b NetRestarted
43f77ec4 B NetRestartWrap
43f77ec8 b NetDevExists
43f77ecc B NetOurEther
43f77ed4 B NetRxPacket
43f77ed8 B NetRxPacketLen
43f77edc B NetOurIP
43f77ee0 B NetArpWaitPacketIP
43f77ee4 B NetArpWaitPacketMAC
43f77ee8 B NetArpWaitReplyIP
43f77eec B NetArpWaitTxPacket
43f77ef0 B NetArpWaitTxPacketSize
43f77ef4 B NetTxPacket
43f77ef8 B NetOurSubnetMask
43f77efc B NetOurGatewayIP
43f77f00 B NetArpWaitTimerStart
43f77f04 B NetArpWaitTry
43f77f08 b mac.2649
43f77f10 B NetEtherNullAddr
43f77f18 B NetIPID
43f77f1c b PingSeqNo
43f77f20 B PktBuf
43f79d40 B NetRxPackets
43f79d50 B NetArpWaitPacketBuf
43f7a370 b env_changed_id.2583
43f7a374 B NetServerIP
43f7a378 B NetBootFileXferSize
43f7a37c B NetOurDNSIP
43f7a380 B NetOurNISDomain
43f7a3a0 B NetOurHostName
43f7a3c0 B NetOurRootPath
43f7a400 B NetBootFileSize
43f7a404 B NetServerEther
43f7a40c B BootFile
43f7a48c b rpc_id
43f7a490 b NfsSrvMountPort
43f7a494 b NfsSrvNfsPort
43f7a498 b NfsServerIP
43f7a49c b NfsOurPort
43f7a4a0 b fs_mounted
43f7a4a4 b dirfh
43f7a4c4 b filefh
43f7a4e4 b NfsState
43f7a4e8 b nfs_path
43f7a4ec b nfs_filename
43f7a4f0 b nfs_len
43f7a4f4 b NfsTimeoutCount
43f7a4f8 b NfsDownloadState
43f7a4fc b nfs_path_buff
43f7acfc b default_filename
43f7ad3c b TftpState
43f7ad40 b tftp_filename
43f7adc0 b TftpBlock
43f7adc4 b TftpServerIP
43f7adc8 b TftpServerPort
43f7adcc b TftpOurPort
43f7add0 b TftpTimeoutCount
43f7add4 b TftpBlockWrap
43f7add8 b TftpBlockWrapOffset
43f7addc b TftpLastBlock
43f7ade0 b default_filename
43f7adf0 B _end
